MO xilinx_pci_exp_ep NULL ../example_design/xilinx_pci_exp_ep.v vlg43/xilinx__pci__exp__ep.bin 1224827186
MO PIO_64_TX_ENGINE NULL ../example_design/PIO_64_TX_ENGINE.v vlg29/_p_i_o__64___t_x___e_n_g_i_n_e.bin 1224827186
MO PIO_64_RX_ENGINE NULL ../example_design/PIO_64_RX_ENGINE.v vlg67/_p_i_o__64___r_x___e_n_g_i_n_e.bin 1224827186
MO PIO_EP_MEM_ACCESS NULL ../example_design/PIO_EP_MEM_ACCESS.v vlg57/_p_i_o___e_p___m_e_m___a_c_c_e_s_s.bin 1224827186
MO PIO_EP NULL ../example_design/PIO_EP.v vlg4C/_p_i_o___e_p.bin 1224827186
MO endpoint_blk_plus_v1_9 NULL ../example_design/pci_exp_1_lane_64b_ep.v vlg12/endpoint__blk__plus__v1__9.bin 1224827186
MO PIO NULL ../example_design/PIO.v vlg0C/_p_i_o.bin 1224827186
MO PIO_TO_CTRL NULL ../example_design/PIO_TO_CTRL.v vlg4E/_p_i_o___t_o___c_t_r_l.bin 1224827186
MO pci_exp_64b_app NULL ../example_design/pci_exp_64b_app.v vlg6B/pci__exp__64b__app.bin 1224827186
MO EP_MEM NULL ../example_design/EP_MEM.v vlg27/_e_p___m_e_m.bin 1224827186
